// Bun Snapshot v1, https://goo.gl/fbAQLP

exports[`Incremental mode 1`] = `
"export declare function someFunction(a: string, b: number): string;
export type SomeType = "someValue" | "anotherValue";
export declare const someVar: SomeType;
"
`;
